// Jest Snapshot v1, https://goo.gl/fbAQLP

exports[`Web UI 1`] = `
"apiVersion: apps/v1
kind: Deployment
metadata:
  labels:
    app: web-ui
  name: tensorleap-web-ui
spec:
  selector:
    matchLabels:
      app: web-ui
  template:
    metadata:
      labels:
        app: web-ui
        revision: master-1234568-stable
    spec:
      containers:
        - env:
            - name: NODE_ENV
              value: production
          image: gcr.io/tensorleap/web-ui:master-1234568-stable
          imagePullPolicy: Always
          name: web-ui
          ports:
            - containerPort: 8080
              name: http
---
apiVersion: v1
kind: Service
metadata:
  labels:
    app: web-ui
  name: tensorleap-web-ui
spec:
  ports:
    - name: http
      port: 8080
  selector:
    app: web-ui
  sessionAffinity: None
  type: NodePort
---
apiVersion: networking.k8s.io/v1
kind: Ingress
metadata:
  annotations:
    kubernetes.io/ingress.class: public
  labels:
    app: web-ui
  name: tensorleap-web-ui
spec:
  defaultBackend:
    service:
      name: tensorleap-web-ui
      port:
        name: http
"
`;
